// Vitest Snapshot v1, https://vitest.dev/guide/snapshot.html

exports[`snapshot test > basic object 1`] = `
{
  "id": 1,
  "name": "Jack",
}
`;
